py : Creating test database for 
alias 'default'...
Au caractère Ligne:1 : 1
+ py manage.py test > 
test_output.txt 2>&1
+ ~~~~~~~~~~~~~~~~~~~~~~~~~~~~~~~~~~
~~~~~~
    + CategoryInfo          : NotSp 
   ecified: (Creating test d...as   
  'default'...:String) [], Remote   
 Exception
    + FullyQualifiedErrorId : Nativ 
   eCommandError
 

Found 17 test(s).
System check identified no issues (0 silenced).
.............E...
====================================
==================================
ERROR: test_contact_creation (servic
es.tests.ContactServiceModelTest.tes
t_contact_creation)
------------------------------------
----------------------------------
Traceback (most recent call last):
  File "C:\Users\codeshester0011\Des
ktop\Pcodeshestergn\services\tests.p
y", line 47, in setUp
    self.contact = 
ContactService.objects.create(
                   ^^^^^^^^^^^^^^
NameError: name 'ContactService' is 
not defined

------------------------------------
----------------------------------
Ran 17 tests in 0.082s

FAILED (errors=1)
Destroying test database for alias 
'default'...

